login as: sona
sona@192.168.1.240's password:
Welcome to Ubuntu 24.04.3 LTS (GNU/Linux 6.8.0-86-generic x86_64)

 * Documentation:  https://help.ubuntu.com
 * Management:     https://landscape.canonical.com
 * Support:        https://ubuntu.com/pro

 System information as of Sun Oct 26 10:55:15 AM UTC 2025

  System load:  0.07               Temperature:             35.0 C
  Usage of /:   11.9% of 55.99GB   Processes:               136
  Memory usage: 2%                 Users logged in:         1
  Swap usage:   0%                 IPv4 address for enp2s0: 192.168.1.240


Expanded Security Maintenance for Applications is not enabled.

0 updates can be applied immediately.

Enable ESM Apps to receive additional future security updates.
See https://ubuntu.com/esm or run: sudo pro status


sona@lpn10016gb:~$ ls
sona@lpn10016gb:~$ ping www.google.com
PING www.google.com (142.251.140.100) 56(84) bytes of data.
64 bytes from pnmila-ag-in-f4.1e100.net (142.251.140.100): icmp_seq=1 ttl=115 ti                                                    me=12.7 ms
64 bytes from pnmila-ag-in-f4.1e100.net (142.251.140.100): icmp_seq=2 ttl=115 ti                                                    me=12.7 ms
^C
--- www.google.com ping statistics ---
2 packets transmitted, 2 received, 0% packet loss, time 1001ms
rtt min/avg/max/mdev = 12.655/12.696/12.738/0.041 ms
sona@lpn10016gb:~$ sudo apt update
[sudo] password for sona:
Hit:1 http://archive.ubuntu.com/ubuntu noble InRelease
Hit:2 http://archive.ubuntu.com/ubuntu noble-updates InRelease
Hit:3 http://archive.ubuntu.com/ubuntu noble-backports InRelease
Hit:4 http://security.ubuntu.com/ubuntu noble-security InRelease
Reading package lists... Done
Building dependency tree... Done
Reading state information... Done
All packages are up to date.
sona@lpn10016gb:~$ sudo apt upgrade
Reading package lists... Done
Building dependency tree... Done
Reading state information... Done
Calculating upgrade... Done
0 upgraded, 0 newly installed, 0 to remove and 0 not upgraded.
sona@lpn10016gb:~$ ip a
1: lo: <LOOPBACK,UP,LOWER_UP> mtu 65536 qdisc noqueue state UNKNOWN group defaul                                                    t qlen 1000
    link/loopback 00:00:00:00:00:00 brd 00:00:00:00:00:00
    inet 127.0.0.1/8 scope host lo
       valid_lft forever preferred_lft forever
    inet6 ::1/128 scope host noprefixroute
       valid_lft forever preferred_lft forever
2: enp2s0: <BROADCAST,MULTICAST,UP,LOWER_UP> mtu 1500 qdisc fq_codel state UP gr                                                    oup default qlen 1000
    link/ether 0a:8c:76:da:80:3f brd ff:ff:ff:ff:ff:ff
    inet 192.168.1.240/23 metric 100 brd 192.168.1.255 scope global dynamic enp2                                                    s0
       valid_lft 99696sec preferred_lft 99696sec
    inet6 fe80::88c:76ff:feda:803f/64 scope link
       valid_lft forever preferred_lft forever
sona@lpn10016gb:~$ lsblk
NAME         MAJ:MIN RM   SIZE RO TYPE MOUNTPOINTS
mmcblk0      179:0    0  58.2G  0 disk
├─mmcblk0p1  179:1    0     1G  0 part /boot/efi
└─mmcblk0p2  179:2    0  57.2G  0 part /
mmcblk0boot0 179:8    0     4M  1 disk
mmcblk0boot1 179:16   0     4M  1 disk
nvme0n1      259:0    0 238.5G  0 disk
├─nvme0n1p1  259:1    0   100M  0 part
├─nvme0n1p2  259:2    0    16M  0 part
├─nvme0n1p3  259:3    0 237.7G  0 part
└─nvme0n1p4  259:4    0   625M  0 part
sona@lpn10016gb:~$ sudo umount /dev/nvme0n1
umount: /dev/nvme0n1: not mounted.
sona@lpn10016gb:~$ sudo mkfs.ext4/nvme0n1
sudo: mkfs.ext4/nvme0n1: command not found
sona@lpn10016gb:~$ ^C
sona@lpn10016gb:~$ sudo mkfs.ext4 /dev/nvme0n1
mke2fs 1.47.0 (5-Feb-2023)
Found a gpt partition table in /dev/nvme0n1
Proceed anyway? (y,N) y
Discarding device blocks: done
Creating filesystem with 62514774 4k blocks and 15630336 inodes
Filesystem UUID: 2034bbe5-49af-4ac2-b7c6-2bd821244e86
Superblock backups stored on blocks:
        32768, 98304, 163840, 229376, 294912, 819200, 884736, 1605632, 2654208,
        4096000, 7962624, 11239424, 20480000, 23887872

Allocating group tables: done
Writing inode tables: done
Creating journal (262144 blocks): done
Writing superblocks and filesystem accounting information: done

sona@lpn10016gb:~$

^C
sona@lpn10016gb:~$ mount | grep ext4
/dev/mmcblk0p2 on / type ext4 (rw,relatime)
sona@lpn10016gb:~$ ls -ld /media/sona/
ls: cannot access '/media/sona/': No such file or directory
sona@lpn10016gb:~$ ls /media/sona/
ls: cannot access '/media/sona/': No such file or directory
sona@lpn10016gb:~$ sudo ls /media/sona/
ls: cannot access '/media/sona/': No such file or directory
sona@lpn10016gb:~$ sudo ls /media
sona@lpn10016gb:~$ sl /media/
Command 'sl' not found, but can be installed with:
sudo apt install sl
sona@lpn10016gb:~$ ls /media/
sona@lpn10016gb:~$ lsblk
NAME         MAJ:MIN RM   SIZE RO TYPE MOUNTPOINTS
mmcblk0      179:0    0  58.2G  0 disk
├─mmcblk0p1  179:1    0     1G  0 part /boot/efi
└─mmcblk0p2  179:2    0  57.2G  0 part /
mmcblk0boot0 179:8    0     4M  1 disk
mmcblk0boot1 179:16   0     4M  1 disk
nvme0n1      259:0    0 238.5G  0 disk
sona@lpn10016gb:~$ sudo mount /dev/nvme0n1
mount: /dev/nvme0n1: can't find in /etc/fstab.
sona@lpn10016gb:~$ ls /dev
autofs           gpiochip0  i2c-7         mei0          ppp       tty10  tty28  tty45  tty62      ttyS20  udmabuf      vcsa6
block            hidraw3    i2c-8         mem           psaux     tty11  tty29  tty46  tty63      ttyS21  uhid         vcsu
btrfs-control    hpet       i2c-9         mmcblk0       ptmx      tty12  tty3   tty47  tty7       ttyS22  uinput       vcsu1
bus              hugepages  initctl       mmcblk0boot0  pts       tty13  tty30  tty48  tty8       ttyS23  urandom      vcsu2
char             hwrng      input         mmcblk0boot1  random    tty14  tty31  tty49  tty9       ttyS24  userfaultfd  vcsu3
console          i2c-0      kmsg          mmcblk0p1     rfkill    tty15  tty32  tty5   ttyprintk  ttyS25  userio       vcsu4
core             i2c-1      kvm           mmcblk0p2     rtc       tty16  tty33  tty50  ttyS0      ttyS26  vcs          vcsu5
cpu              i2c-10     log           mmcblk0rpmb   rtc0      tty17  tty34  tty51  ttyS1      ttyS27  vcs1         vcsu6
cpu_dma_latency  i2c-11     loop0         mqueue        shm       tty18  tty35  tty52  ttyS10     ttyS28  vcs2         vfio
cuse             i2c-12     loop1         mtd           snapshot  tty19  tty36  tty53  ttyS11     ttyS29  vcs3         vga_arbiter
disk             i2c-13     loop2         mtd0          snd       tty2   tty37  tty54  ttyS12     ttyS3   vcs4         vhci
dma_heap         i2c-14     loop3         mtd0ro        stderr    tty20  tty38  tty55  ttyS13     ttyS30  vcs5         vhost-net
dri              i2c-15     loop4         net           stdin     tty21  tty39  tty56  ttyS14     ttyS31  vcs6         vhost-vsock
drm_dp_aux0      i2c-16     loop5         ng0n1         stdout    tty22  tty4   tty57  ttyS15     ttyS4   vcsa         zero
ecryptfs         i2c-2      loop6         null          tpm0      tty23  tty40  tty58  ttyS16     ttyS5   vcsa1        zfs
fb0              i2c-3      loop7         nvme0         tpmrm0    tty24  tty41  tty59  ttyS17     ttyS6   vcsa2
fd               i2c-4      loop-control  nvme0n1       tty       tty25  tty42  tty6   ttyS18     ttyS7   vcsa3
full             i2c-5      mapper        nvram         tty0      tty26  tty43  tty60  ttyS19     ttyS8   vcsa4
fuse             i2c-6      mcelog        port          tty1      tty27  tty44  tty61  ttyS2      ttyS9   vcsa5
sona@lpn10016gb:~$ ^C
sona@lpn10016gb:~$ sudo mkfs.ext4 /dev/nvme0n1
mke2fs 1.47.0 (5-Feb-2023)
/dev/nvme0n1 contains a ext4 file system
        created on Sun Oct 26 11:03:49 2025
Proceed anyway? (y,N) y
Discarding device blocks: done
Creating filesystem with 62514774 4k blocks and 15630336 inodes
Filesystem UUID: 7e68a2d7-b91a-4a03-bfe4-43aae9666b18
Superblock backups stored on blocks:
        32768, 98304, 163840, 229376, 294912, 819200, 884736, 1605632, 2654208,
        4096000, 7962624, 11239424, 20480000, 23887872

Allocating group tables: done
Writing inode tables: done
Creating journal (262144 blocks): done
Writing superblocks and filesystem accounting information: done

sona@lpn10016gb:~$ lsblk
NAME         MAJ:MIN RM   SIZE RO TYPE MOUNTPOINTS
mmcblk0      179:0    0  58.2G  0 disk
├─mmcblk0p1  179:1    0     1G  0 part /boot/efi
└─mmcblk0p2  179:2    0  57.2G  0 part /
mmcblk0boot0 179:8    0     4M  1 disk
mmcblk0boot1 179:16   0     4M  1 disk
nvme0n1      259:0    0 238.5G  0 disk
sona@lpn10016gb:~$ ^C
sona@lpn10016gb:~$ ls /mnt/
sona@lpn10016gb:~$ sudo mkdir /mnt/external_disk
sona@lpn10016gb:~$ ls /mnt/
external_disk
sona@lpn10016gb:~$ sudo mount /dev/nvme0n1 /mnt/external_disk
sona@lpn10016gb:~$ ls /mnt/
external_disk
sona@lpn10016gb:~$ df -h
Filesystem      Size  Used Avail Use% Mounted on
tmpfs           1.6G  1.7M  1.6G   1% /run
efivarfs        192K   85K  103K  46% /sys/firmware/efi/efivars
/dev/mmcblk0p2   56G  6.7G   47G  13% /
tmpfs           7.7G     0  7.7G   0% /dev/shm
tmpfs           5.0M     0  5.0M   0% /run/lock
/dev/mmcblk0p1  1.1G  6.2M  1.1G   1% /boot/efi
tmpfs           1.6G   12K  1.6G   1% /run/user/1000
/dev/nvme0n1    234G   28K  222G   1% /mnt/external_disk
sona@lpn10016gb:~$ ^C
sona@lpn10016gb:~$ sudo chown -R sona:sona /mnt/external_disk
sona@lpn10016gb:~$ touch /mnt/external_disk/test_file.txt
sona@lpn10016gb:~$ ls /mnt/external_disk/
lost+found  test_file.txt
sona@lpn10016gb:~$
