SEND >TEST MESSAGE >83<<
SEND >TEST MESSAGE >84<<
SEND >TEST MESSAGE >85<<
SEND >TEST MESSAGE >86<<
SEND >TEST MESSAGE >87<<
SEND >TEST MESSAGE >88<<
SEND >TEST MESSAGE >89<<
SEND >TEST MESSAGE >90<<
SEND >TEST MESSAGE >91<<
SEND >TEST MESSAGE >92<<
SEND >TEST MESSAGE >93<<
SEND >TEST MESSAGE >94<<
SEND >TEST MESSAGE >95<<
SEND >TEST MESSAGE >96<<
SEND >TEST MESSAGE >97<<
SEND >TEST MESSAGE >98<<
SEND >TEST MESSAGE >99<<
SEND >TEST MESSAGE >100<<
SEND >TEST MESSAGE >101<<
SEND >TEST MESSAGE >102<<
SEND >TEST MESSAGE >103<<
SEND >TEST MESSAGE >104<<
SEND >TEST MESSAGE >105<<
SEND >TEST MESSAGE >106<<
SEND >TEST MESSAGE >107<<
SEND >TEST MESSAGE >108<<
SEND >TEST MESSAGE >109<<
SEND >TEST MESSAGE >110<<
SEND >TEST MESSAGE >111<<
SEND >TEST MESSAGE >112<<
SEND >TEST MESSAGE >113<<
SEND >TEST MESSAGE >114<<
SEND >TEST MESSAGE >115<<
SEND >TEST MESSAGE >116<<
SEND >TEST MESSAGE >117<<
SEND >TEST MESSAGE >118<<
SEND >TEST MESSAGE >119<<
SEND >TEST MESSAGE >120<<
SEND >TEST MESSAGE >121<<
SEND >TEST MESSAGE >122<<
SEND >TEST MESSAGE >123<<
SEND >TEST MESSAGE >124<<
SEND >TEST MESSAGE >125<<
SEND >TEST MESSAGE >126<<
SEND >TEST MESSAGE >127<<
SEND >TEST MESSAGE >128<<
SEND >TEST MESSAGE >129<<
SEND >TEST MESSAGE >130<<
SEND >TEST MESSAGE >131<<
SEND >TEST MESSAGE >132<<
SEND >TEST MESSAGE >133<<
SEND >TEST MESSAGE >134<<
SEND >TEST MESSAGE >135<<
SEND >TEST MESSAGE >136<<
SEND >TEST MESSAGE >137<<
SEND >TEST MESSAGE >138<<
SEND >TEST MESSAGE >139<<
SEND >TEST MESSAGE >140<<
SEND >TEST MESSAGE >141<<
SEND >TEST MESSAGE >142<<
SEND >TEST MESSAGE >143<<
SEND >TEST MESSAGE >144<<
SEND >TEST MESSAGE >145<<
SEND >TEST MESSAGE >146<<
SEND >TEST MESSAGE >147<<
SEND >TEST MESSAGE >148<<
SEND >TEST MESSAGE >149<<
SEND >TEST MESSAGE >150<<
SEND >TEST MESSAGE >151<<
SEND >TEST MESSAGE >152<<
SEND >TEST MESSAGE >153<<
SEND >TEST MESSAGE >154<<
SEND >TEST MESSAGE >155<<
SEND >TEST MESSAGE >156<<
SEND >TEST MESSAGE >157<<
SEND >TEST MESSAGE >158<<
SEND >TEST MESSAGE >159<<
SEND >TEST MESSAGE >160<<
SEND >TEST MESSAGE >161<<
SEND >TEST MESSAGE >162<<
SEND >TEST MESSAGE >163<<
SEND >TEST MESSAGE >164<<
SEND >TEST MESSAGE >165<<
SEND >TEST MESSAGE >166<<
SEND >TEST MESSAGE >167<<
SEND >TEST MESSAGE >168<<
SEND >TEST MESSAGE >169<<
SEND >TEST MESSAGE >170<<
SEND >TEST MESSAGE >171<<
SEND >TEST MESSAGE >172<<
SEND >TEST MESSAGE >173<<
SEND >TEST MESSAGE >174<<
SEND >TEST MESSAGE >175<<
SEND >TEST MESSAGE >176<<
SEND >TEST MESSAGE >177<<
SEND >TEST MESSAGE >178<<
SEND >TEST MESSAGE >179<<
SEND >TEST MESSAGE >180<<
SEND >TEST MESSAGE >181<<
SEND >TEST MESSAGE >182<<
SEND >TEST MESSAGE >183<<
SEND >TEST MESSAGE >184<<
SEND >TEST MESSAGE >185<<
SEND >TEST MESSAGE >186<<
SEND >TEST MESSAGE >187<<
SEND >TEST MESSAGE >188<<
SEND >TEST MESSAGE >189<<
SEND >TEST MESSAGE >190<<
SEND >TEST MESSAGE >191<<
SEND >TEST MESSAGE >192<<
SEND >TEST MESSAGE >193<<
SEND >TEST MESSAGE >194<<
SEND >TEST MESSAGE >195<<
SEND >TEST MESSAGE >196<<
SEND >TEST MESSAGE >197<<
SEND >TEST MESSAGE >198<<
SEND >TEST MESSAGE >199<<
SEND >TEST MESSAGE >200<<
SEND >TEST MESSAGE >201<<
SEND >TEST MESSAGE >202<<
SEND >TEST MESSAGE >203<<
SEND >TEST MESSAGE >204<<
SEND >TEST MESSAGE >205<<
SEND >TEST MESSAGE >206<<
SEND >TEST MESSAGE >207<<
SEND >TEST MESSAGE >208<<
SEND >TEST MESSAGE >209<<
SEND >TEST MESSAGE >210<<
SEND >TEST MESSAGE >211<<
SEND >TEST MESSAGE >212<<
SEND >TEST MESSAGE >213<<
SEND >TEST MESSAGE >214<<
SEND >TEST MESSAGE >215<<
SEND >TEST MESSAGE >216<<
SEND >TEST MESSAGE >217<<
SEND >TEST MESSAGE >218<<
SEND >TEST MESSAGE >219<<
SEND >TEST MESSAGE >220<<
SEND >TEST MESSAGE >221<<
SEND >TEST MESSAGE >222<<
SEND >TEST MESSAGE >223<<
SEND >TEST MESSAGE >224<<
SEND >TEST MESSAGE >225<<
SEND >TEST MESSAGE >226<<
SEND >TEST MESSAGE >227<<
SEND >TEST MESSAGE >228<<
SEND >TEST MESSAGE >229<<
SEND >TEST MESSAGE >230<<
SEND >TEST MESSAGE >231<<
SEND >TEST MESSAGE >232<<
SEND >TEST MESSAGE >233<<
SEND >TEST MESSAGE >234<<
SEND >TEST MESSAGE >235<<
SEND >TEST MESSAGE >236<<
SEND >TEST MESSAGE >237<<
SEND >TEST MESSAGE >238<<
SEND >TEST MESSAGE >239<<
SEND >TEST MESSAGE >240<<
SEND >TEST MESSAGE >241<<
SEND >TEST MESSAGE >242<<
SEND >TEST MESSAGE >243<<
SEND >TEST MESSAGE >244<<
SEND >TEST MESSAGE >245<<
SEND >TEST MESSAGE >246<<
SEND >TEST MESSAGE >247<<
SEND >TEST MESSAGE >248<<
SEND >TEST MESSAGE >249<<
SEND >TEST MESSAGE >250<<
SEND >TEST MESSAGE >251<<
SEND >TEST MESSAGE >252<<
SEND >TEST MESSAGE >253<<
SEND >TEST MESSAGE >254<<
SEND >TEST MESSAGE >255<<
SEND >TEST MESSAGE >256<<
SEND >TEST MESSAGE >257<<
SEND >TEST MESSAGE >258<<
SEND >TEST MESSAGE >259<<
SEND >TEST MESSAGE >260<<
SEND >TEST MESSAGE >261<<
SEND >TEST MESSAGE >262<<
SEND >TEST MESSAGE >263<<
SEND >TEST MESSAGE >264<<
SEND >TEST MESSAGE >265<<
SEND >TEST MESSAGE >266<<
SEND >TEST MESSAGE >267<<
SEND >TEST MESSAGE >268<<
SEND >TEST MESSAGE >269<<
SEND >TEST MESSAGE >270<<
SEND >TEST MESSAGE >271<<
SEND >TEST MESSAGE >272<<
SEND >TEST MESSAGE >273<<
SEND >TEST MESSAGE >274<<
SEND >TEST MESSAGE >275<<
SEND >TEST MESSAGE >276<<
SEND >TEST MESSAGE >277<<
SEND >TEST MESSAGE >278<<
SEND >TEST MESSAGE >279<<
SEND >TEST MESSAGE >280<<
SEND >TEST MESSAGE >281<<
SEND >TEST MESSAGE >282<<
SEND >TEST MESSAGE >283<<
SEND >TEST MESSAGE >284<<
SEND >TEST MESSAGE >285<<
SEND >TEST MESSAGE >286<<
SEND >TEST MESSAGE >287<<
SEND >TEST MESSAGE >288<<
SEND >TEST MESSAGE >289<<
SEND >TEST MESSAGE >290<<
SEND >TEST MESSAGE >291<<
SEND >TEST MESSAGE >292<<
SEND >TEST MESSAGE >293<<
SEND >TEST MESSAGE >294<<
SEND >TEST MESSAGE >295<<
SEND >TEST MESSAGE >296<<
SEND >TEST MESSAGE >297<<
SEND >TEST MESSAGE >298<<
SEND >TEST MESSAGE >299<<
SEND >TEST MESSAGE >300<<
SEND >TEST MESSAGE >301<<
SEND >TEST MESSAGE >302<<
SEND >TEST MESSAGE >303<<
SEND >TEST MESSAGE >304<<
SEND >TEST MESSAGE >305<<
SEND >TEST MESSAGE >306<<
SEND >TEST MESSAGE >307<<
SEND >TEST MESSAGE >308<<
SEND >TEST MESSAGE >309<<
SEND >TEST MESSAGE >310<<
SEND >TEST MESSAGE >311<<
SEND >TEST MESSAGE >312<<
SEND >TEST MESSAGE >313<<
SEND >TEST MESSAGE >314<<
SEND >TEST MESSAGE >315<<
SEND >TEST MESSAGE >316<<
SEND >TEST MESSAGE >317<<
SEND >TEST MESSAGE >318<<
SEND >TEST MESSAGE >319<<
SEND >TEST MESSAGE >320<<
SEND >TEST MESSAGE >321<<
SEND >TEST MESSAGE >322<<
SEND >TEST MESSAGE >323<<
SEND >TEST MESSAGE >324<<
SEND >TEST MESSAGE >325<<
SEND >TEST MESSAGE >326<<
SEND >TEST MESSAGE >327<<
SEND >TEST MESSAGE >328<<
SEND >TEST MESSAGE >329<<
SEND >TEST MESSAGE >330<<
SEND >TEST MESSAGE >331<<
SEND >TEST MESSAGE >332<<
SEND >TEST MESSAGE >333<<
SEND >TEST MESSAGE >334<<
SEND >TEST MESSAGE >335<<
SEND >TEST MESSAGE >336<<
SEND >TEST MESSAGE >337<<
SEND >TEST MESSAGE >338<<
SEND >TEST MESSAGE >339<<
SEND >TEST MESSAGE >340<<
SEND >TEST MESSAGE >341<<
SEND >TEST MESSAGE >342<<
SEND >TEST MESSAGE >343<<
SEND >TEST MESSAGE >344<<
SEND >TEST MESSAGE >345<<
SEND >TEST MESSAGE >346<<
SEND >TEST MESSAGE >347<<
SEND >TEST MESSAGE >348<<
SEND >TEST MESSAGE >349<<
SEND >TEST MESSAGE >350<<
SEND >TEST MESSAGE >351<<
SEND >TEST MESSAGE >352<<
SEND >TEST MESSAGE >353<<
SEND >TEST MESSAGE >354<<
SEND >TEST MESSAGE >355<<
SEND >TEST MESSAGE >356<<
SEND >TEST MESSAGE >357<<
SEND >TEST MESSAGE >358<<
SEND >TEST MESSAGE >359<<
SEND >TEST MESSAGE >360<<
SEND >TEST MESSAGE >361<<
SEND >TEST MESSAGE >362<<
SEND >TEST MESSAGE >363<<
SEND >TEST MESSAGE >364<<
SEND >TEST MESSAGE >365<<
SEND >TEST MESSAGE >366<<
SEND >TEST MESSAGE >367<<
SEND >TEST MESSAGE >368<<
SEND >TEST MESSAGE >369<<
SEND >TEST MESSAGE >370<<
SEND >TEST MESSAGE >371<<
SEND >TEST MESSAGE >372<<
SEND >TEST MESSAGE >373<<
SEND >TEST MESSAGE >374<<
SEND >TEST MESSAGE >375<<
SEND >TEST MESSAGE >376<<
SEND >TEST MESSAGE >377<<
SEND >TEST MESSAGE >378<<
SEND >TEST MESSAGE >379<<
SEND >TEST MESSAGE >380<<
SEND >TEST MESSAGE >381<<
SEND >TEST MESSAGE >382<<
SEND >TEST MESSAGE >383<<
SEND >TEST MESSAGE >384<<
SEND >TEST MESSAGE >385<<
SEND >TEST MESSAGE >386<<
SEND >TEST MESSAGE >387<<
SEND >TEST MESSAGE >388<<
SEND >TEST MESSAGE >389<<
SEND >TEST MESSAGE >390<<
SEND >TEST MESSAGE >391<<
SEND >TEST MESSAGE >392<<
SEND >TEST MESSAGE >393<<
SEND >TEST MESSAGE >394<<
SEND >TEST MESSAGE >395<<
SEND >TEST MESSAGE >396<<
SEND >TEST MESSAGE >397<<
SEND >TEST MESSAGE >398<<
SEND >TEST MESSAGE >399<<
SEND >TEST MESSAGE >400<<
SEND >TEST MESSAGE >401<<
SEND >TEST MESSAGE >402<<
SEND >TEST MESSAGE >403<<
SEND >TEST MESSAGE >404<<
SEND >TEST MESSAGE >405<<
SEND >TEST MESSAGE >406<<
SEND >TEST MESSAGE >407<<
SEND >TEST MESSAGE >408<<
SEND >TEST MESSAGE >409<<
SEND >TEST MESSAGE >410<<
SEND >TEST MESSAGE >411<<
SEND >TEST MESSAGE >412<<
SEND >TEST MESSAGE >413<<
SEND >TEST MESSAGE >414<<
SEND >TEST MESSAGE >415<<
SEND >TEST MESSAGE >416<<
SEND >TEST MESSAGE >417<<
SEND >TEST MESSAGE >418<<
SEND >TEST MESSAGE >419<<
SEND >TEST MESSAGE >420<<
SEND >TEST MESSAGE >421<<
SEND >TEST MESSAGE >422<<
SEND >TEST MESSAGE >423<<
SEND >TEST MESSAGE >424<<
SEND >TEST MESSAGE >425<<
SEND >TEST MESSAGE >426<<
SEND >TEST MESSAGE >427<<
SEND >TEST MESSAGE >428<<
SEND >TEST MESSAGE >429<<
SEND >TEST MESSAGE >430<<
SEND >TEST MESSAGE >431<<
SEND >TEST MESSAGE >432<<
SEND >TEST MESSAGE >433<<
SEND >TEST MESSAGE >434<<
SEND >TEST MESSAGE >435<<
SEND >TEST MESSAGE >436<<
SEND >TEST MESSAGE >437<<
SEND >TEST MESSAGE >438<<
SEND >TEST MESSAGE >439<<
SEND >TEST MESSAGE >440<<
SEND >TEST MESSAGE >441<<
SEND >TEST MESSAGE >442<<
SEND >TEST MESSAGE >443<<
SEND >TEST MESSAGE >444<<
SEND >TEST MESSAGE >445<<
SEND >TEST MESSAGE >446<<
SEND >TEST MESSAGE >447<<
SEND >TEST MESSAGE >448<<
SEND >TEST MESSAGE >449<<
SEND >TEST MESSAGE >450<<
SEND >TEST MESSAGE >451<<
SEND >TEST MESSAGE >452<<
SEND >TEST MESSAGE >453<<
SEND >TEST MESSAGE >454<<
SEND >TEST MESSAGE >455<<
SEND >TEST MESSAGE >456<<
SEND >TEST MESSAGE >457<<
SEND >TEST MESSAGE >458<<
SEND >TEST MESSAGE >459<<
SEND >TEST MESSAGE >460<<
SEND >TEST MESSAGE >461<<
SEND >TEST MESSAGE >462<<
SEND >TEST MESSAGE >463<<
SEND >TEST MESSAGE >464<<
SEND >TEST MESSAGE >465<<
SEND >TEST MESSAGE >466<<
SEND >TEST MESSAGE >467<<
SEND >TEST MESSAGE >468<<
SEND >TEST MESSAGE >469<<
SEND >TEST MESSAGE >470<<
SEND >TEST MESSAGE >471<<
SEND >TEST MESSAGE >472<<
SEND >TEST MESSAGE >473<<
SEND >TEST MESSAGE >474<<
SEND >TEST MESSAGE >475<<
SEND >TEST MESSAGE >476<<
SEND >TEST MESSAGE >477<<
SEND >TEST MESSAGE >478<<
SEND >TEST MESSAGE >479<<
SEND >TEST MESSAGE >480<<
SEND >TEST MESSAGE >481<<
SEND >TEST MESSAGE >482<<
SEND >TEST MESSAGE >483<<
SEND >TEST MESSAGE >484<<
SEND >TEST MESSAGE >485<<
SEND >TEST MESSAGE >486<<
SEND >TEST MESSAGE >487<<
SEND >TEST MESSAGE >488<<
SEND >TEST MESSAGE >489<<
SEND >TEST MESSAGE >490<<
SEND >TEST MESSAGE >491<<
SEND >TEST MESSAGE >492<<
SEND >TEST MESSAGE >493<<
SEND >TEST MESSAGE >494<<
SEND >TEST MESSAGE >495<<
SEND >TEST MESSAGE >496<<
SEND >TEST MESSAGE >497<<
SEND >TEST MESSAGE >498<<
SEND >TEST MESSAGE >499<<
SEND >TEST MESSAGE >500<<
SEND >TEST MESSAGE >501<<
SEND >TEST MESSAGE >502<<
SEND >TEST MESSAGE >503<<
SEND >TEST MESSAGE >504<<
SEND >TEST MESSAGE >505<<
SEND >TEST MESSAGE >506<<
SEND >TEST MESSAGE >507<<
SEND >TEST MESSAGE >508<<
SEND >TEST MESSAGE >509<<
SEND >TEST MESSAGE >510<<
SEND >TEST MESSAGE >511<<
SEND >TEST MESSAGE >512<<
SEND >TEST MESSAGE >513<<
SEND >TEST MESSAGE >514<<
SEND >TEST MESSAGE >515<<
SEND >TEST MESSAGE >516<<
SEND >TEST MESSAGE >517<<
SEND >TEST MESSAGE >518<<
SEND >TEST MESSAGE >519<<
SEND >TEST MESSAGE >520<<
SEND >TEST MESSAGE >521<<
SEND >TEST MESSAGE >522<<
SEND >TEST MESSAGE >523<<
SEND >TEST MESSAGE >524<<
SEND >TEST MESSAGE >525<<
SEND >TEST MESSAGE >526<<
SEND >TEST MESSAGE >527<<
SEND >TEST MESSAGE >528<<
SEND >TEST MESSAGE >529<<
SEND >TEST MESSAGE >530<<
SEND >TEST MESSAGE >531<<
SEND >TEST MESSAGE >532<<
SEND >TEST MESSAGE >533<<
SEND >TEST MESSAGE >534<<
SEND >TEST MESSAGE >535<<
SEND >TEST MESSAGE >536<<
SEND >TEST MESSAGE >537<<
SEND >TEST MESSAGE >538<<
SEND >TEST MESSAGE >539<<
SEND >TEST MESSAGE >540<<
SEND >TEST MESSAGE >541<<
SEND >TEST MESSAGE >542<<
SEND >TEST MESSAGE >543<<
SEND >TEST MESSAGE >544<<
SEND >TEST MESSAGE >545<<
SEND >TEST MESSAGE >546<<
SEND >TEST MESSAGE >547<<
SEND >TEST MESSAGE >548<<
SEND >TEST MESSAGE >549<<
SEND >TEST MESSAGE >550<<
SEND >TEST MESSAGE >551<<
SEND >TEST MESSAGE >552<<
SEND >TEST MESSAGE >553<<
SEND >TEST MESSAGE >554<<
SEND >TEST MESSAGE >555<<
SEND >TEST MESSAGE >556<<
SEND >TEST MESSAGE >557<<
SEND >TEST MESSAGE >558<<
SEND >TEST MESSAGE >559<<
SEND >TEST MESSAGE >560<<
SEND >TEST MESSAGE >561<<
SEND >TEST MESSAGE >562<<
SEND >TEST MESSAGE >563<<
SEND >TEST MESSAGE >564<<
SEND >TEST MESSAGE >565<<
SEND >TEST MESSAGE >566<<
SEND >TEST MESSAGE >567<<
SEND >TEST MESSAGE >568<<
SEND >TEST MESSAGE >569<<
SEND >TEST MESSAGE >570<<
SEND >TEST MESSAGE >571<<
SEND >TEST MESSAGE >572<<
SEND >TEST MESSAGE >573<<
SEND >TEST MESSAGE >574<<
SEND >TEST MESSAGE >575<<
SEND >TEST MESSAGE >576<<
SEND >TEST MESSAGE >577<<
SEND >TEST MESSAGE >578<<
SEND >TEST MESSAGE >579<<
SEND >TEST MESSAGE >580<<
SEND >TEST MESSAGE >581<<
SEND >TEST MESSAGE >582<<
SEND >TEST MESSAGE >583<<
SEND >TEST MESSAGE >584<<
SEND >TEST MESSAGE >585<<
SEND >TEST MESSAGE >586<<
SEND >TEST MESSAGE >587<<
SEND >TEST MESSAGE >588<<
SEND >TEST MESSAGE >589<<
SEND >TEST MESSAGE >590<<
SEND >TEST MESSAGE >591<<
SEND >TEST MESSAGE >592<<
SEND >TEST MESSAGE >593<<
SEND >TEST MESSAGE >594<<
SEND >TEST MESSAGE >595<<
SEND >TEST MESSAGE >596<<
SEND >TEST MESSAGE >597<<
SEND >TEST MESSAGE >598<<
SEND >TEST MESSAGE >599<<
SEND >TEST MESSAGE >600<<
SEND >TEST MESSAGE >601<<
SEND >TEST MESSAGE >602<<
SEND >TEST MESSAGE >603<<
SEND >TEST MESSAGE >604<<
SEND >TEST MESSAGE >605<<
SEND >TEST MESSAGE >606<<
SEND >TEST MESSAGE >607<<
SEND >TEST MESSAGE >608<<
SEND >TEST MESSAGE >609<<
SEND >TEST MESSAGE >610<<
SEND >TEST MESSAGE >611<<
SEND >TEST MESSAGE >612<<
SEND >TEST MESSAGE >613<<
SEND >TEST MESSAGE >614<<
SEND >TEST MESSAGE >615<<
SEND >TEST MESSAGE >616<<
SEND >TEST MESSAGE >617<<
SEND >TEST MESSAGE >618<<
SEND >TEST MESSAGE >619<<
SEND >TEST MESSAGE >620<<
SEND >TEST MESSAGE >621<<
SEND >TEST MESSAGE >622<<
SEND >TEST MESSAGE >623<<
SEND >TEST MESSAGE >624<<
SEND >TEST MESSAGE >625<<
SEND >TEST MESSAGE >626<<
SEND >TEST MESSAGE >627<<
SEND >TEST MESSAGE >628<<
SEND >TEST MESSAGE >629<<
SEND >TEST MESSAGE >630<<
SEND >TEST MESSAGE >631<<
SEND >TEST MESSAGE >632<<
SEND >TEST MESSAGE >633<<
SEND >TEST MESSAGE >634<<
SEND >TEST MESSAGE >635<<
SEND >TEST MESSAGE >636<<
SEND >TEST MESSAGE >637<<
SEND >TEST MESSAGE >638<<
SEND >TEST MESSAGE >639<<
SEND >TEST MESSAGE >640<<
SEND >TEST MESSAGE >641<<
SEND >TEST MESSAGE >642<<
SEND >TEST MESSAGE >643<<
SEND >TEST MESSAGE >644<<
SEND >TEST MESSAGE >645<<
SEND >TEST MESSAGE >646<<
SEND >TEST MESSAGE >647<<
SEND >TEST MESSAGE >648<<
SEND >TEST MESSAGE >649<<
SEND >TEST MESSAGE >650<<
SEND >TEST MESSAGE >651<<
SEND >TEST MESSAGE >652<<
SEND >TEST MESSAGE >653<<
SEND >TEST MESSAGE >654<<
SEND >TEST MESSAGE >655<<
SEND >TEST MESSAGE >656<<
SEND >TEST MESSAGE >657<<
SEND >TEST MESSAGE >658<<
SEND >TEST MESSAGE >659<<
SEND >TEST MESSAGE >660<<
SEND >TEST MESSAGE >661<<
SEND >TEST MESSAGE >662<<
SEND >TEST MESSAGE >663<<
SEND >TEST MESSAGE >664<<
SEND >TEST MESSAGE >665<<
SEND >TEST MESSAGE >666<<
SEND >TEST MESSAGE >667<<
SEND >TEST MESSAGE >668<<
SEND >TEST MESSAGE >669<<
SEND >TEST MESSAGE >670<<
SEND >TEST MESSAGE >671<<
SEND >TEST MESSAGE >672<<
SEND >TEST MESSAGE >673<<
SEND >TEST MESSAGE >674<<
SEND >TEST MESSAGE >675<<
SEND >TEST MESSAGE >676<<
SEND >TEST MESSAGE >677<<
SEND >TEST MESSAGE >678<<
SEND >TEST MESSAGE >679<<
SEND >TEST MESSAGE >680<<
SEND >TEST MESSAGE >681<<
SEND >TEST MESSAGE >682<<
SEND >TEST MESSAGE >683<<
SEND >TEST MESSAGE >684<<
SEND >TEST MESSAGE >685<<
SEND >TEST MESSAGE >686<<
SEND >TEST MESSAGE >687<<
SEND >TEST MESSAGE >688<<
SEND >TEST MESSAGE >689<<
SEND >TEST MESSAGE >690<<
SEND >TEST MESSAGE >691<<
SEND >TEST MESSAGE >692<<
SEND >TEST MESSAGE >693<<
SEND >TEST MESSAGE >694<<
SEND >TEST MESSAGE >695<<
SEND >TEST MESSAGE >696<<
SEND >TEST MESSAGE >697<<
SEND >TEST MESSAGE >698<<
SEND >TEST MESSAGE >699<<
SEND >TEST MESSAGE >700<<
SEND >TEST MESSAGE >701<<
SEND >TEST MESSAGE >702<<
SEND >TEST MESSAGE >703<<
SEND >TEST MESSAGE >704<<
SEND >TEST MESSAGE >705<<
SEND >TEST MESSAGE >706<<
SEND >TEST MESSAGE >707<<
SEND >TEST MESSAGE >708<<
SEND >TEST MESSAGE >709<<
SEND >TEST MESSAGE >710<<
SEND >TEST MESSAGE >711<<
SEND >TEST MESSAGE >712<<
SEND >TEST MESSAGE >713<<
SEND >TEST MESSAGE >714<<
SEND >TEST MESSAGE >715<<
SEND >TEST MESSAGE >716<<
SEND >TEST MESSAGE >717<<
SEND >TEST MESSAGE >718<<
SEND >TEST MESSAGE >719<<
SEND >TEST MESSAGE >720<<
SEND >TEST MESSAGE >721<<
SEND >TEST MESSAGE >722<<
SEND >TEST MESSAGE >723<<
SEND >TEST MESSAGE >724<<
SEND >TEST MESSAGE >725<<
SEND >TEST MESSAGE >726<<
SEND >TEST MESSAGE >727<<
SEND >TEST MESSAGE >728<<
SEND >TEST MESSAGE >729<<
SEND >TEST MESSAGE >730<<
SEND >TEST MESSAGE >731<<
SEND >TEST MESSAGE >732<<
SEND >TEST MESSAGE >733<<
SEND >TEST MESSAGE >734<<
SEND >TEST MESSAGE >735<<
SEND >TEST MESSAGE >736<<
^CTraceback (most recent call last):
  File "/home/sona/Projects/test_serial_send.py", line 55, in <module>
    time.sleep(0.5)
KeyboardInterrupt

sona@sona-lp-n100-8gb:~$ python3 Projects/test_serial_send.py 
[2025-09-21 13:29:27,786] INFO test_serial_send:23 > Send 
[2025-09-21 13:29:27,786] INFO test_serial_send:30 > Attempting to open /dev/ttyS4 
[2025-09-21 13:29:27,786] INFO test_serial_send:42 > Successfully opened /dev/ttyS4 
SEND >TEST MESSAGE >0<<
SEND >TEST MESSAGE >1<<
SEND >TEST MESSAGE >2<<
SEND >TEST MESSAGE >3<<
SEND >TEST MESSAGE >4<<
SEND >TEST MESSAGE >5<<
SEND >TEST MESSAGE >6<<
SEND >TEST MESSAGE >7<<
SEND >TEST MESSAGE >8<<
SEND >TEST MESSAGE >9<<
SEND >TEST MESSAGE >10<<
SEND >TEST MESSAGE >11<<
SEND >TEST MESSAGE >12<<
SEND >TEST MESSAGE >13<<
SEND >TEST MESSAGE >14<<
SEND >TEST MESSAGE >15<<
SEND >TEST MESSAGE >16<<
SEND >TEST MESSAGE >17<<
SEND >TEST MESSAGE >18<<
SEND >TEST MESSAGE >19<<
SEND >TEST MESSAGE >20<<
SEND >TEST MESSAGE >21<<
SEND >TEST MESSAGE >22<<
SEND >TEST MESSAGE >23<<
SEND >TEST MESSAGE >24<<
SEND >TEST MESSAGE >25<<
SEND >TEST MESSAGE >26<<
SEND >TEST MESSAGE >27<<
SEND >TEST MESSAGE >28<<
SEND >TEST MESSAGE >29<<
SEND >TEST MESSAGE >30<<
SEND >TEST MESSAGE >31<<
SEND >TEST MESSAGE >32<<
SEND >TEST MESSAGE >33<<
SEND >TEST MESSAGE >34<<
SEND >TEST MESSAGE >35<<
SEND >TEST MESSAGE >36<<
SEND >TEST MESSAGE >37<<
SEND >TEST MESSAGE >38<<
SEND >TEST MESSAGE >39<<
SEND >TEST MESSAGE >40<<
SEND >TEST MESSAGE >41<<
SEND >TEST MESSAGE >42<<
SEND >TEST MESSAGE >43<<
SEND >TEST MESSAGE >44<<
SEND >TEST MESSAGE >45<<
SEND >TEST MESSAGE >46<<
SEND >TEST MESSAGE >47<<
SEND >TEST MESSAGE >48<<
SEND >TEST MESSAGE >49<<
SEND >TEST MESSAGE >50<<
SEND >TEST MESSAGE >51<<
SEND >TEST MESSAGE >52<<
SEND >TEST MESSAGE >53<<
SEND >TEST MESSAGE >54<<
SEND >TEST MESSAGE >55<<
SEND >TEST MESSAGE >56<<
SEND >TEST MESSAGE >57<<
SEND >TEST MESSAGE >58<<
SEND >TEST MESSAGE >59<<
SEND >TEST MESSAGE >60<<
SEND >TEST MESSAGE >61<<
SEND >TEST MESSAGE >62<<
SEND >TEST MESSAGE >63<<
SEND >TEST MESSAGE >64<<
SEND >TEST MESSAGE >65<<
SEND >TEST MESSAGE >66<<
SEND >TEST MESSAGE >67<<
SEND >TEST MESSAGE >68<<
SEND >TEST MESSAGE >69<<
SEND >TEST MESSAGE >70<<
SEND >TEST MESSAGE >71<<
SEND >TEST MESSAGE >72<<
SEND >TEST MESSAGE >73<<
SEND >TEST MESSAGE >74<<
SEND >TEST MESSAGE >75<<
SEND >TEST MESSAGE >76<<
SEND >TEST MESSAGE >77<<
SEND >TEST MESSAGE >78<<
SEND >TEST MESSAGE >79<<
SEND >TEST MESSAGE >80<<
SEND >TEST MESSAGE >81<<
SEND >TEST MESSAGE >82<<
SEND >TEST MESSAGE >83<<
SEND >TEST MESSAGE >84<<
SEND >TEST MESSAGE >85<<
SEND >TEST MESSAGE >86<<
SEND >TEST MESSAGE >87<<
SEND >TEST MESSAGE >88<<
SEND >TEST MESSAGE >89<<
SEND >TEST MESSAGE >90<<
SEND >TEST MESSAGE >91<<
SEND >TEST MESSAGE >92<<
SEND >TEST MESSAGE >93<<
SEND >TEST MESSAGE >94<<
SEND >TEST MESSAGE >95<<
SEND >TEST MESSAGE >96<<
SEND >TEST MESSAGE >97<<
SEND >TEST MESSAGE >98<<
SEND >TEST MESSAGE >99<<
SEND >TEST MESSAGE >100<<
SEND >TEST MESSAGE >101<<
SEND >TEST MESSAGE >102<<
SEND >TEST MESSAGE >103<<
SEND >TEST MESSAGE >104<<
SEND >TEST MESSAGE >105<<
SEND >TEST MESSAGE >106<<
SEND >TEST MESSAGE >107<<
SEND >TEST MESSAGE >108<<
SEND >TEST MESSAGE >109<<
SEND >TEST MESSAGE >110<<
SEND >TEST MESSAGE >111<<
SEND >TEST MESSAGE >112<<
SEND >TEST MESSAGE >113<<
SEND >TEST MESSAGE >114<<
SEND >TEST MESSAGE >115<<
SEND >TEST MESSAGE >116<<
SEND >TEST MESSAGE >117<<
SEND >TEST MESSAGE >118<<
SEND >TEST MESSAGE >119<<
SEND >TEST MESSAGE >120<<
SEND >TEST MESSAGE >121<<
SEND >TEST MESSAGE >122<<
SEND >TEST MESSAGE >123<<
SEND >TEST MESSAGE >124<<
SEND >TEST MESSAGE >125<<
SEND >TEST MESSAGE >126<<
SEND >TEST MESSAGE >127<<
SEND >TEST MESSAGE >128<<
SEND >TEST MESSAGE >129<<
SEND >TEST MESSAGE >130<<
SEND >TEST MESSAGE >131<<
SEND >TEST MESSAGE >132<<
SEND >TEST MESSAGE >133<<
SEND >TEST MESSAGE >134<<
SEND >TEST MESSAGE >135<<
SEND >TEST MESSAGE >136<<
SEND >TEST MESSAGE >137<<
SEND >TEST MESSAGE >138<<
SEND >TEST MESSAGE >139<<
SEND >TEST MESSAGE >140<<
SEND >TEST MESSAGE >141<<
SEND >TEST MESSAGE >142<<
SEND >TEST MESSAGE >143<<
SEND >TEST MESSAGE >144<<
SEND >TEST MESSAGE >145<<
SEND >TEST MESSAGE >146<<
SEND >TEST MESSAGE >147<<
SEND >TEST MESSAGE >148<<
SEND >TEST MESSAGE >149<<
SEND >TEST MESSAGE >150<<
SEND >TEST MESSAGE >151<<
SEND >TEST MESSAGE >152<<
SEND >TEST MESSAGE >153<<
^CTraceback (most recent call last):
  File "/home/sona/Projects/test_serial_send.py", line 55, in <module>
    time.sleep(0.5)
KeyboardInterrupt

sona@sona-lp-n100-8gb:~$ python3 Projects/test_serial_send.py 
[2025-09-21 13:30:49,691] INFO test_serial_send:23 > Send 
[2025-09-21 13:30:49,691] INFO test_serial_send:30 > Attempting to open /dev/ttyS5 
[2025-09-21 13:30:49,691] INFO test_serial_send:42 > Successfully opened /dev/ttyS5 
SEND >TEST MESSAGE >0<<
SEND >TEST MESSAGE >1<<
SEND >TEST MESSAGE >2<<
SEND >TEST MESSAGE >3<<
SEND >TEST MESSAGE >4<<
SEND >TEST MESSAGE >5<<
SEND >TEST MESSAGE >6<<
SEND >TEST MESSAGE >7<<
SEND >TEST MESSAGE >8<<
SEND >TEST MESSAGE >9<<
SEND >TEST MESSAGE >10<<
SEND >TEST MESSAGE >11<<
SEND >TEST MESSAGE >12<<
SEND >TEST MESSAGE >13<<
SEND >TEST MESSAGE >14<<
SEND >TEST MESSAGE >15<<
SEND >TEST MESSAGE >16<<
SEND >TEST MESSAGE >17<<
SEND >TEST MESSAGE >18<<
SEND >TEST MESSAGE >19<<
SEND >TEST MESSAGE >20<<
SEND >TEST MESSAGE >21<<
SEND >TEST MESSAGE >22<<
SEND >TEST MESSAGE >23<<
SEND >TEST MESSAGE >24<<
SEND >TEST MESSAGE >25<<
SEND >TEST MESSAGE >26<<
SEND >TEST MESSAGE >27<<
SEND >TEST MESSAGE >28<<
SEND >TEST MESSAGE >29<<
SEND >TEST MESSAGE >30<<
SEND >TEST MESSAGE >31<<
SEND >TEST MESSAGE >32<<
SEND >TEST MESSAGE >33<<
SEND >TEST MESSAGE >34<<
SEND >TEST MESSAGE >35<<
SEND >TEST MESSAGE >36<<
SEND >TEST MESSAGE >37<<
SEND >TEST MESSAGE >38<<
SEND >TEST MESSAGE >39<<
SEND >TEST MESSAGE >40<<
SEND >TEST MESSAGE >41<<
SEND >TEST MESSAGE >42<<
SEND >TEST MESSAGE >43<<
SEND >TEST MESSAGE >44<<
SEND >TEST MESSAGE >45<<
SEND >TEST MESSAGE >46<<
SEND >TEST MESSAGE >47<<
SEND >TEST MESSAGE >48<<
SEND >TEST MESSAGE >49<<
SEND >TEST MESSAGE >50<<
SEND >TEST MESSAGE >51<<
SEND >TEST MESSAGE >52<<
SEND >TEST MESSAGE >53<<
SEND >TEST MESSAGE >54<<
SEND >TEST MESSAGE >55<<
SEND >TEST MESSAGE >56<<
SEND >TEST MESSAGE >57<<
SEND >TEST MESSAGE >58<<
SEND >TEST MESSAGE >59<<
SEND >TEST MESSAGE >60<<
SEND >TEST MESSAGE >61<<
SEND >TEST MESSAGE >62<<
SEND >TEST MESSAGE >63<<
SEND >TEST MESSAGE >64<<
SEND >TEST MESSAGE >65<<
SEND >TEST MESSAGE >66<<
SEND >TEST MESSAGE >67<<
SEND >TEST MESSAGE >68<<
^CTraceback (most recent call last):
  File "/home/sona/Projects/test_serial_send.py", line 55, in <module>
    time.sleep(0.5)
KeyboardInterrupt

sona@sona-lp-n100-8gb:~$ python3 Projects/test_serial_send.py 
[2025-09-21 13:31:30,800] INFO test_serial_send:23 > Send 
[2025-09-21 13:31:30,800] INFO test_serial_send:30 > Attempting to open /dev/ttyS6 
[2025-09-21 13:31:30,801] INFO test_serial_send:42 > Successfully opened /dev/ttyS6 
SEND >TEST MESSAGE >0<<
SEND >TEST MESSAGE >1<<
SEND >TEST MESSAGE >2<<
SEND >TEST MESSAGE >3<<
SEND >TEST MESSAGE >4<<
SEND >TEST MESSAGE >5<<
SEND >TEST MESSAGE >6<<
SEND >TEST MESSAGE >7<<
SEND >TEST MESSAGE >8<<
SEND >TEST MESSAGE >9<<
SEND >TEST MESSAGE >10<<
SEND >TEST MESSAGE >11<<
SEND >TEST MESSAGE >12<<
SEND >TEST MESSAGE >13<<
SEND >TEST MESSAGE >14<<
SEND >TEST MESSAGE >15<<
SEND >TEST MESSAGE >16<<
SEND >TEST MESSAGE >17<<
SEND >TEST MESSAGE >18<<
SEND >TEST MESSAGE >19<<
SEND >TEST MESSAGE >20<<
SEND >TEST MESSAGE >21<<
SEND >TEST MESSAGE >22<<
SEND >TEST MESSAGE >23<<
SEND >TEST MESSAGE >24<<
SEND >TEST MESSAGE >25<<
SEND >TEST MESSAGE >26<<
SEND >TEST MESSAGE >27<<
SEND >TEST MESSAGE >28<<
SEND >TEST MESSAGE >29<<
SEND >TEST MESSAGE >30<<
SEND >TEST MESSAGE >31<<
SEND >TEST MESSAGE >32<<
SEND >TEST MESSAGE >33<<
SEND >TEST MESSAGE >34<<
SEND >TEST MESSAGE >35<<
SEND >TEST MESSAGE >36<<
SEND >TEST MESSAGE >37<<
SEND >TEST MESSAGE >38<<
SEND >TEST MESSAGE >39<<
SEND >TEST MESSAGE >40<<
SEND >TEST MESSAGE >41<<
SEND >TEST MESSAGE >42<<
SEND >TEST MESSAGE >43<<
SEND >TEST MESSAGE >44<<
SEND >TEST MESSAGE >45<<
SEND >TEST MESSAGE >46<<
SEND >TEST MESSAGE >47<<
SEND >TEST MESSAGE >48<<
SEND >TEST MESSAGE >49<<
SEND >TEST MESSAGE >50<<
SEND >TEST MESSAGE >51<<
SEND >TEST MESSAGE >52<<
SEND >TEST MESSAGE >53<<
SEND >TEST MESSAGE >54<<
SEND >TEST MESSAGE >55<<
SEND >TEST MESSAGE >56<<
SEND >TEST MESSAGE >57<<
SEND >TEST MESSAGE >58<<
SEND >TEST MESSAGE >59<<
SEND >TEST MESSAGE >60<<
SEND >TEST MESSAGE >61<<
SEND >TEST MESSAGE >62<<
SEND >TEST MESSAGE >63<<
SEND >TEST MESSAGE >64<<
SEND >TEST MESSAGE >65<<
SEND >TEST MESSAGE >66<<
SEND >TEST MESSAGE >67<<
SEND >TEST MESSAGE >68<<
SEND >TEST MESSAGE >69<<
SEND >TEST MESSAGE >70<<
SEND >TEST MESSAGE >71<<
SEND >TEST MESSAGE >72<<
SEND >TEST MESSAGE >73<<
SEND >TEST MESSAGE >74<<
SEND >TEST MESSAGE >75<<
SEND >TEST MESSAGE >76<<
SEND >TEST MESSAGE >77<<
SEND >TEST MESSAGE >78<<
SEND >TEST MESSAGE >79<<
SEND >TEST MESSAGE >80<<
SEND >TEST MESSAGE >81<<
SEND >TEST MESSAGE >82<<
SEND >TEST MESSAGE >83<<
SEND >TEST MESSAGE >84<<
SEND >TEST MESSAGE >85<<
SEND >TEST MESSAGE >86<<
SEND >TEST MESSAGE >87<<
SEND >TEST MESSAGE >88<<
SEND >TEST MESSAGE >89<<
SEND >TEST MESSAGE >90<<
SEND >TEST MESSAGE >91<<
SEND >TEST MESSAGE >92<<
SEND >TEST MESSAGE >93<<
SEND >TEST MESSAGE >94<<
SEND >TEST MESSAGE >95<<
SEND >TEST MESSAGE >96<<
SEND >TEST MESSAGE >97<<
SEND >TEST MESSAGE >98<<
SEND >TEST MESSAGE >99<<
SEND >TEST MESSAGE >100<<
SEND >TEST MESSAGE >101<<
SEND >TEST MESSAGE >102<<
SEND >TEST MESSAGE >103<<
SEND >TEST MESSAGE >104<<
SEND >TEST MESSAGE >105<<
SEND >TEST MESSAGE >106<<
SEND >TEST MESSAGE >107<<
SEND >TEST MESSAGE >108<<
^CTraceback (most recent call last):
  File "/home/sona/Projects/test_serial_send.py", line 55, in <module>
    time.sleep(0.5)
KeyboardInterrupt